// Jest Snapshot v1, https://goo.gl/fbAQLP

exports[`<App /> renders without crashing 1`] = `
<div
  className="root"
>
  <header
    className="header"
  >
    <div
      className="brand"
    >
      <p>
        Hyppnotic
        <span>
          store.
        </span>
      </p>
    </div>
    <div
      className="menu"
    >
      <ul>
        <li>
          Каталог
        </li>
        <li>
          О нас
        </li>
        <li>
          Помощь
        </li>
        <li>
          Поддержка
        </li>
      </ul>
    </div>
    <div
      className="helper-wrapper"
    >
      <div
        className="helper-container"
      >
        <div
          className="helper"
          onClick={[Function]}
        >
          <i
            className="fas fa-arrow-left"
          />
        </div>
        <div
          className="helper-button"
        >
          <i
            className="fas fa-sign-in-alt"
          />
          <i
            className="fas fa-palette"
          />
          <i
            className="fas fa-ruble-sign"
          />
          <i
            className="fas fa-balance-scale"
          />
        </div>
      </div>
    </div>
    <div
      className="mobile-menu-container"
    >
      <div
        className="mobile-menu"
      >
        <div
          className="mobile-menu-brand"
        >
          Hyppnotic
        </div>
        <div
          className="mobile-menu-button"
          onClick={[Function]}
        >
          <i
            className="fas fa-times"
          />
        </div>
        <div
          className="mobile-menu-links"
        >
          Links
        </div>
      </div>
    </div>
    <div
      className="button-xs"
      onClick={[Function]}
    >
      <i
        className="fas fa-bars"
      />
    </div>
  </header>
  <div
    className="container-height"
  >
    <div>
      Main
    </div>
  </div>
  <footer>
    <div
      className="container"
    >
      <div
        className="row"
      >
        <div
          className="col-md-12 col-12"
        >
          <div
            className="footer-brand"
          >
            Hyppnotic.store
          </div>
        </div>
        <div
          className="col-lg-6 col-md-6 col-12"
        >
          <div
            className="footer-links"
          >
            <ul>
              <li>
                Главная
              </li>
              <li>
                Магазин
              </li>
              <li>
                О нас
              </li>
              <li>
                Помощь
              </li>
              <li>
                Поддержка
              </li>
            </ul>
          </div>
        </div>
        <div
          className="col-lg-6 col-md-6 col-12"
        >
          <div
            className="footer-links"
          >
            <ul>
              <li>
                Группа VK
              </li>
              <li>
                Instagram
              </li>
              <li>
                Twitter
              </li>
              <li>
                Github
              </li>
              <li>
                Facebook
              </li>
            </ul>
          </div>
        </div>
      </div>
    </div>
    <div
      className="footer-rights container-fluid"
    >
      <div
        className="row"
      >
        <div
          className="col-12"
        >
          <p>
            All rights are reserved by Hyppnotic company @2018-2019
          </p>
        </div>
      </div>
    </div>
  </footer>
</div>
`;
